// Vitest Snapshot v1, https://vitest.dev/guide/snapshot.html

exports[`Settings Snapshots > renders settings error state - snapshot 1`] = `
<div>
  <div
    class="flex flex-col items-center justify-center h-[60vh] gap-4"
  >
    <svg
      class="lucide lucide-circle-alert w-12 h-12 text-destructive"
      fill="none"
      height="24"
      stroke="currentColor"
      stroke-linecap="round"
      stroke-linejoin="round"
      stroke-width="2"
      viewBox="0 0 24 24"
      width="24"
      xmlns="http://www.w3.org/2000/svg"
    >
      <circle
        cx="12"
        cy="12"
        r="10"
      />
      <line
        x1="12"
        x2="12"
        y1="8"
        y2="12"
      />
      <line
        x1="12"
        x2="12.01"
        y1="16"
        y2="16"
      />
    </svg>
    <p
      class="text-muted-foreground"
    >
      Error al cargar ajustes
    </p>
    <p
      class="text-sm text-destructive"
    >
      Error
    </p>
  </div>
  <div
    aria-label="Notifications (F8)"
    role="region"
    style="pointer-events: none;"
    tabindex="-1"
  >
    <ol
      class="fixed top-0 z-[100] flex max-h-screen w-full flex-col-reverse p-4 sm:bottom-0 sm:right-0 sm:top-auto sm:flex-col md:max-w-[420px]"
      tabindex="-1"
    />
  </div>
</div>
`;

exports[`Settings Snapshots > renders settings loading state - snapshot 1`] = `
<div>
  <div
    class="space-y-6 animate-pulse"
  >
    <div>
      <div
        class="h-7 w-28 bg-muted/40 rounded mb-2"
      />
      <div
        class="h-4 w-56 bg-muted/30 rounded"
      />
    </div>
    <div
      class="flex gap-2"
    >
      <div
        class="h-9 w-24 bg-muted/20 rounded-lg"
      />
      <div
        class="h-9 w-24 bg-muted/20 rounded-lg"
      />
      <div
        class="h-9 w-24 bg-muted/20 rounded-lg"
      />
      <div
        class="h-9 w-24 bg-muted/20 rounded-lg"
      />
    </div>
    <div
      class="space-y-4"
    >
      <div
        class="p-6 rounded-2xl bg-muted/15 border border-border/20"
      >
        <div
          class="h-5 w-32 bg-muted/30 rounded mb-4"
        />
        <div
          class="space-y-3"
        >
          <div
            class="h-10 bg-muted/20 rounded-lg"
          />
          <div
            class="h-10 bg-muted/20 rounded-lg"
          />
          <div
            class="h-24 bg-muted/20 rounded-lg"
          />
        </div>
      </div>
      <div
        class="p-6 rounded-2xl bg-muted/15 border border-border/20"
      >
        <div
          class="h-5 w-40 bg-muted/30 rounded mb-4"
        />
        <div
          class="h-32 bg-muted/20 rounded-lg"
        />
      </div>
    </div>
  </div>
  <div
    aria-label="Notifications (F8)"
    role="region"
    style="pointer-events: none;"
    tabindex="-1"
  >
    <ol
      class="fixed top-0 z-[100] flex max-h-screen w-full flex-col-reverse p-4 sm:bottom-0 sm:right-0 sm:top-auto sm:flex-col md:max-w-[420px]"
      tabindex="-1"
    />
  </div>
</div>
`;

exports[`Settings Snapshots > renders settings page - snapshot 1`] = `
<div>
  <div
    class="space-y-6 max-w-4xl"
  >
    <div>
      <h1
        class="text-2xl font-semibold tracking-tight"
      >
        Ajustes
      </h1>
      <p
        class="text-sm text-muted-foreground"
      >
        Configuración del bot
      </p>
    </div>
    <div
      class="space-y-6"
      data-orientation="horizontal"
      dir="ltr"
    >
      <div
        class="overflow-x-auto -mx-4 px-4 sm:mx-0 sm:px-0"
      >
        <div
          aria-orientation="horizontal"
          class="inline-flex h-10 items-center justify-center text-muted-foreground bg-card border border-border/50 p-1 rounded-xl w-max sm:w-auto"
          data-orientation="horizontal"
          role="tablist"
          style="outline: none;"
          tabindex="0"
        >
          <button
            aria-controls="radix-:r0:-content-personality"
            aria-selected="true"
            class="inline-flex items-center justify-center whitespace-nowrap px-3 py-1.5 font-medium ring-offset-background transition-all data-[state=active]:text-foreground data-[state=active]:shadow-sm focus-visible:outline-none focus-visible:ring-2 focus-visible:ring-ring focus-visible:ring-offset-2 disabled:pointer-events-none disabled:opacity-50 rounded-lg data-[state=active]:bg-muted text-xs sm:text-sm"
            data-orientation="horizontal"
            data-radix-collection-item=""
            data-state="active"
            id="radix-:r0:-trigger-personality"
            role="tab"
            tabindex="-1"
            type="button"
          >
            <svg
              class="lucide lucide-bot w-4 h-4 mr-1 sm:mr-2"
              fill="none"
              height="24"
              stroke="currentColor"
              stroke-linecap="round"
              stroke-linejoin="round"
              stroke-width="2"
              viewBox="0 0 24 24"
              width="24"
              xmlns="http://www.w3.org/2000/svg"
            >
              <path
                d="M12 8V4H8"
              />
              <rect
                height="12"
                rx="2"
                width="16"
                x="4"
                y="8"
              />
              <path
                d="M2 14h2"
              />
              <path
                d="M20 14h2"
              />
              <path
                d="M15 13v2"
              />
              <path
                d="M9 13v2"
              />
            </svg>
            <span
              class="hidden sm:inline"
            >
              Personalidad
            </span>
            <span
              class="sm:hidden"
            >
              Bot
            </span>
          </button>
          <button
            aria-controls="radix-:r0:-content-connections"
            aria-selected="false"
            class="inline-flex items-center justify-center whitespace-nowrap px-3 py-1.5 font-medium ring-offset-background transition-all data-[state=active]:text-foreground data-[state=active]:shadow-sm focus-visible:outline-none focus-visible:ring-2 focus-visible:ring-ring focus-visible:ring-offset-2 disabled:pointer-events-none disabled:opacity-50 rounded-lg data-[state=active]:bg-muted text-xs sm:text-sm"
            data-orientation="horizontal"
            data-radix-collection-item=""
            data-state="inactive"
            id="radix-:r0:-trigger-connections"
            role="tab"
            tabindex="-1"
            type="button"
          >
            <svg
              class="lucide lucide-link2 w-4 h-4 mr-1 sm:mr-2"
              fill="none"
              height="24"
              stroke="currentColor"
              stroke-linecap="round"
              stroke-linejoin="round"
              stroke-width="2"
              viewBox="0 0 24 24"
              width="24"
              xmlns="http://www.w3.org/2000/svg"
            >
              <path
                d="M9 17H7A5 5 0 0 1 7 7h2"
              />
              <path
                d="M15 7h2a5 5 0 1 1 0 10h-2"
              />
              <line
                x1="8"
                x2="16"
                y1="12"
                y2="12"
              />
            </svg>
            <span
              class="hidden sm:inline"
            >
              Conexiones
            </span>
            <span
              class="sm:hidden"
            >
              Links
            </span>
          </button>
          <button
            aria-controls="radix-:r0:-content-knowledge"
            aria-selected="false"
            class="inline-flex items-center justify-center whitespace-nowrap px-3 py-1.5 font-medium ring-offset-background transition-all data-[state=active]:text-foreground data-[state=active]:shadow-sm focus-visible:outline-none focus-visible:ring-2 focus-visible:ring-ring focus-visible:ring-offset-2 disabled:pointer-events-none disabled:opacity-50 rounded-lg data-[state=active]:bg-muted text-xs sm:text-sm"
            data-orientation="horizontal"
            data-radix-collection-item=""
            data-state="inactive"
            id="radix-:r0:-trigger-knowledge"
            role="tab"
            tabindex="-1"
            type="button"
          >
            <svg
              class="lucide lucide-book-open w-4 h-4 mr-1 sm:mr-2"
              fill="none"
              height="24"
              stroke="currentColor"
              stroke-linecap="round"
              stroke-linejoin="round"
              stroke-width="2"
              viewBox="0 0 24 24"
              width="24"
              xmlns="http://www.w3.org/2000/svg"
            >
              <path
                d="M12 7v14"
              />
              <path
                d="M3 18a1 1 0 0 1-1-1V4a1 1 0 0 1 1-1h5a4 4 0 0 1 4 4 4 4 0 0 1 4-4h5a1 1 0 0 1 1 1v13a1 1 0 0 1-1 1h-6a3 3 0 0 0-3 3 3 3 0 0 0-3-3z"
              />
            </svg>
            <span
              class="hidden sm:inline"
            >
              Conocimiento
            </span>
            <span
              class="sm:hidden"
            >
              KB
            </span>
          </button>
        </div>
      </div>
      <div
        aria-labelledby="radix-:r0:-trigger-personality"
        class="mt-2 ring-offset-background focus-visible:outline-none focus-visible:ring-2 focus-visible:ring-ring focus-visible:ring-offset-2 space-y-6 animate-fade-in"
        data-orientation="horizontal"
        data-state="active"
        id="radix-:r0:-content-personality"
        role="tabpanel"
        style="animation-duration: 0s;"
        tabindex="0"
      >
        <div
          class="space-y-6"
        >
          <div
            class="p-5 rounded-2xl bg-card border border-border/50"
          >
            <label
              class="peer-disabled:cursor-not-allowed peer-disabled:opacity-70 text-sm font-medium mb-3 block"
              for="botName"
            >
              Nombre del bot
            </label>
            <input
              class="flex h-10 w-full rounded-md border px-3 py-2 text-base ring-offset-background file:border-0 file:bg-transparent file:text-sm file:font-medium file:text-foreground placeholder:text-muted-foreground focus-visible:outline-none focus-visible:ring-2 focus-visible:ring-ring focus-visible:ring-offset-2 disabled:cursor-not-allowed disabled:opacity-50 md:text-sm bg-muted/30 border-border/30"
              id="botName"
              placeholder="Tu nombre o marca"
              value="Test Bot"
            />
          </div>
          <div
            class="p-5 rounded-2xl bg-card border border-border/50"
          >
            <h3
              class="text-sm font-medium mb-1"
            >
              Estilo de comunicación
            </h3>
            <p
              class="text-xs text-muted-foreground mb-4"
            >
              Elige un estilo base
            </p>
            <div
              class="grid grid-cols-2 sm:grid-cols-4 gap-3"
            >
              <button
                class="p-4 rounded-xl border text-center transition-all border-border/30 hover:border-border"
              >
                <span
                  class="text-xl block mb-2"
                >
                  😊
                </span>
                <span
                  class="text-xs font-medium"
                >
                  Amigo
                </span>
              </button>
              <button
                class="p-4 rounded-xl border text-center transition-all border-border/30 hover:border-border"
              >
                <span
                  class="text-xl block mb-2"
                >
                  🎓
                </span>
                <span
                  class="text-xs font-medium"
                >
                  Mentor
                </span>
              </button>
              <button
                class="p-4 rounded-xl border text-center transition-all border-border/30 hover:border-border"
              >
                <span
                  class="text-xl block mb-2"
                >
                  🎯
                </span>
                <span
                  class="text-xs font-medium"
                >
                  Vendedor
                </span>
              </button>
              <button
                class="p-4 rounded-xl border text-center transition-all border-border/30 hover:border-border"
              >
                <span
                  class="text-xl block mb-2"
                >
                  💼
                </span>
                <span
                  class="text-xs font-medium"
                >
                  Profesional
                </span>
              </button>
            </div>
          </div>
          <div
            class="rounded-xl p-6 border border-primary/30 bg-gradient-to-br from-primary/10 via-accent/5 to-primary/10"
          >
            <div
              class="flex items-center gap-2 mb-4"
            >
              <svg
                class="lucide lucide-sparkles w-5 h-5 text-primary"
                fill="none"
                height="24"
                stroke="currentColor"
                stroke-linecap="round"
                stroke-linejoin="round"
                stroke-width="2"
                viewBox="0 0 24 24"
                width="24"
                xmlns="http://www.w3.org/2000/svg"
              >
                <path
                  d="M9.937 15.5A2 2 0 0 0 8.5 14.063l-6.135-1.582a.5.5 0 0 1 0-.962L8.5 9.936A2 2 0 0 0 9.937 8.5l1.582-6.135a.5.5 0 0 1 .963 0L14.063 8.5A2 2 0 0 0 15.5 9.937l6.135 1.581a.5.5 0 0 1 0 .964L15.5 14.063a2 2 0 0 0-1.437 1.437l-1.582 6.135a.5.5 0 0 1-.963 0z"
                />
                <path
                  d="M20 3v4"
                />
                <path
                  d="M22 5h-4"
                />
                <path
                  d="M4 17v2"
                />
                <path
                  d="M5 18H3"
                />
              </svg>
              <h3
                class="text-lg font-semibold"
              >
                Personalizar con IA
              </h3>
            </div>
            <p
              class="text-muted-foreground text-sm mb-4"
            >
              Describe cómo quieres que sea tu bot y generaremos las instrucciones
            </p>
            <textarea
              class="flex w-full rounded-md border-input px-3 py-2 text-sm ring-offset-background placeholder:text-muted-foreground focus-visible:outline-none focus-visible:ring-2 focus-visible:ring-ring focus-visible:ring-offset-2 disabled:cursor-not-allowed disabled:opacity-50 bg-background/80 border-0 min-h-[80px] resize-none mb-3"
              placeholder="Ej: Quiero que sea cercano, use emojis, tutee al usuario, y mencione mi curso de trading cuando pregunten por inversiones..."
            />
            <button
              class="inline-flex items-center justify-center gap-2 whitespace-nowrap rounded-md text-sm font-medium ring-offset-background transition-colors focus-visible:outline-none focus-visible:ring-2 focus-visible:ring-ring focus-visible:ring-offset-2 disabled:pointer-events-none disabled:opacity-50 [&_svg]:pointer-events-none [&_svg]:size-4 [&_svg]:shrink-0 bg-primary text-primary-foreground hover:bg-primary/90 h-10 px-4 py-2 bg-gradient-to-r from-primary to-accent hover:opacity-90"
              disabled=""
            >
              <svg
                class="lucide lucide-wand-sparkles w-4 h-4 mr-2"
                fill="none"
                height="24"
                stroke="currentColor"
                stroke-linecap="round"
                stroke-linejoin="round"
                stroke-width="2"
                viewBox="0 0 24 24"
                width="24"
                xmlns="http://www.w3.org/2000/svg"
              >
                <path
                  d="m21.64 3.64-1.28-1.28a1.21 1.21 0 0 0-1.72 0L2.36 18.64a1.21 1.21 0 0 0 0 1.72l1.28 1.28a1.2 1.2 0 0 0 1.72 0L21.64 5.36a1.2 1.2 0 0 0 0-1.72"
                />
                <path
                  d="m14 7 3 3"
                />
                <path
                  d="M5 6v4"
                />
                <path
                  d="M19 14v4"
                />
                <path
                  d="M10 2v2"
                />
                <path
                  d="M7 8H3"
                />
                <path
                  d="M21 16h-4"
                />
                <path
                  d="M11 3H9"
                />
              </svg>
              Generar instrucciones
            </button>
          </div>
          <div
            class="metric-card"
          >
            <h3
              class="text-lg font-semibold mb-2"
            >
              Instrucciones del bot
            </h3>
            <p
              class="text-muted-foreground text-sm mb-4"
            >
              Puedes editar estas reglas manualmente
            </p>
            <textarea
              class="flex w-full rounded-md border-input px-3 py-2 ring-offset-background placeholder:text-muted-foreground focus-visible:outline-none focus-visible:ring-2 focus-visible:ring-ring focus-visible:ring-offset-2 disabled:cursor-not-allowed disabled:opacity-50 bg-secondary border-0 min-h-[160px] font-mono text-sm resize-none"
              placeholder="Las instrucciones aparecerán aquí..."
            >
              - Tutea siempre
- Usa emojis
            </textarea>
          </div>
          <button
            class="inline-flex items-center justify-center gap-2 whitespace-nowrap rounded-md text-sm font-medium ring-offset-background focus-visible:outline-none focus-visible:ring-2 focus-visible:ring-ring focus-visible:ring-offset-2 disabled:pointer-events-none disabled:opacity-50 [&_svg]:pointer-events-none [&_svg]:size-4 [&_svg]:shrink-0 bg-primary text-primary-foreground hover:bg-primary/90 h-10 px-4 py-2 w-full bg-gradient-to-r from-primary to-accent hover:opacity-90 transition-opacity"
          >
            <svg
              class="lucide lucide-save w-4 h-4 mr-2"
              fill="none"
              height="24"
              stroke="currentColor"
              stroke-linecap="round"
              stroke-linejoin="round"
              stroke-width="2"
              viewBox="0 0 24 24"
              width="24"
              xmlns="http://www.w3.org/2000/svg"
            >
              <path
                d="M15.2 3a2 2 0 0 1 1.4.6l3.8 3.8a2 2 0 0 1 .6 1.4V19a2 2 0 0 1-2 2H5a2 2 0 0 1-2-2V5a2 2 0 0 1 2-2z"
              />
              <path
                d="M17 21v-7a1 1 0 0 0-1-1H8a1 1 0 0 0-1 1v7"
              />
              <path
                d="M7 3v4a1 1 0 0 0 1 1h7"
              />
            </svg>
            Guardar cambios
          </button>
        </div>
      </div>
      <div
        aria-labelledby="radix-:r0:-trigger-connections"
        class="mt-2 ring-offset-background focus-visible:outline-none focus-visible:ring-2 focus-visible:ring-ring focus-visible:ring-offset-2 animate-fade-in"
        data-orientation="horizontal"
        data-state="inactive"
        hidden=""
        id="radix-:r0:-content-connections"
        role="tabpanel"
        tabindex="0"
      />
      <div
        aria-labelledby="radix-:r0:-trigger-knowledge"
        class="mt-2 ring-offset-background focus-visible:outline-none focus-visible:ring-2 focus-visible:ring-ring focus-visible:ring-offset-2 animate-fade-in space-y-6"
        data-orientation="horizontal"
        data-state="inactive"
        hidden=""
        id="radix-:r0:-content-knowledge"
        role="tabpanel"
        tabindex="0"
      />
    </div>
  </div>
  <div
    aria-label="Notifications (F8)"
    role="region"
    style="pointer-events: none;"
    tabindex="-1"
  >
    <ol
      class="fixed top-0 z-[100] flex max-h-screen w-full flex-col-reverse p-4 sm:bottom-0 sm:right-0 sm:top-auto sm:flex-col md:max-w-[420px]"
      tabindex="-1"
    />
  </div>
</div>
`;
